<html>
<body>
<pre>
<h1>礦ision Build Log</h1>
<h2>Tool Versions:</h2>
IDE-Version: μVision V5.24.2.0
Copyright (C) 2017 ARM Ltd and ARM Germany GmbH. All rights reserved.
License Information: 1 8618302099930, 1, LIC=KRMW3-AE13K-VE9HA-1BZ3D-K1DVE-W0PHX
 
Tool Versions:
Toolchain:       MDK-ARM Plus  Version: 5.24.1
Toolchain Path:  O:\machine\stm32\keil5software\ARM\ARMCC\Bin
C Compiler:      Armcc.exe V5.06 update 5 (build 528)
Assembler:       Armasm.exe V5.06 update 5 (build 528)
Linker/Locator:  ArmLink.exe V5.06 update 5 (build 528)
Library Manager: ArmAr.exe V5.06 update 5 (build 528)
Hex Converter:   FromElf.exe V5.06 update 5 (build 528)
CPU DLL:         SARMCM3.DLL V5.24.1
Dialog DLL:      DCM.DLL V1.16.0.0
Target DLL:      UL2CM3.DLL V1.160.3.0
Dialog DLL:      TCM.DLL V1.32.0.0
 
<h2>Project:</h2>
B:\zigbee\成品项目\stm32控制\project\stm32.uvprojx
Project File Date:  07/08/2026

<h2>Output:</h2>
*** Using Compiler 'V5.06 update 5 (build 528)', folder: 'O:\machine\stm32\keil5software\ARM\ARMCC\Bin'
Rebuild target 'Target 1'
assembling startup_stm32f10x_hd.s...
compiling stm32f10x_dbgmcu.c...
compiling stm32f10x_adc.c...
compiling stm32f10x_dma.c...
compiling stm32f10x_cec.c...
compiling stm32f10x_bkp.c...
compiling stm32f10x_crc.c...
compiling misc.c...
compiling stm32f10x_gpio.c...
compiling stm32f10x_exti.c...
compiling stm32f10x_can.c...
compiling stm32f10x_dac.c...
compiling stm32f10x_fsmc.c...
compiling stm32f10x_flash.c...
compiling stm32f10x_i2c.c...
compiling stm32f10x_iwdg.c...
compiling stm32f10x_pwr.c...
compiling stm32f10x_rtc.c...
compiling stm32f10x_sdio.c...
compiling stm32f10x_spi.c...
compiling stm32f10x_rcc.c...
compiling stm32f10x_wwdg.c...
compiling system_stm32f10x.c...
compiling stm32f10x_usart.c...
compiling stm32f10x_it.c...
compiling stm32f10x_tim.c...
compiling main.c...
..\user\api\wifi.h(17): warning:  #1-D: last line of file ends without a newline
  #endif
..\user\main.c: 1 warning, 0 errors
compiling cJSON.c...
compiling delay.c...
compiling wifi.c...
..\user\api\wifi.h(17): warning:  #1-D: last line of file ends without a newline
  #endif
..\user\api\wifi.c: 1 warning, 0 errors
compiling usart1.c...
compiling led.c...
compiling sensor.c...
..\user\api\wifi.h(17): warning:  #1-D: last line of file ends without a newline
  #endif
..\user\api\sensor.c(57): warning:  #550-D: variable "data"  was set but never used
  	u8 data = 0;
..\user\api\sensor.c: 2 warnings, 0 errors
linking...
Program Size: Code=7160 RO-data=336 RW-data=24 ZI-data=18192  
FromELF: creating hex file...
".\Objects\stm32.axf" - 0 Error(s), 4 Warning(s).

<h2>Software Packages used:</h2>

Package Vendor: ARM
                http://www.keil.com/pack/ARM.CMSIS.5.0.1.pack
                ARM.CMSIS.5.0.1
                CMSIS (Cortex Microcontroller Software Interface Standard)
   * Component: CORE Version: 5.0.1

Package Vendor: Keil
                http://www.keil.com/pack/Keil.STM32F1xx_DFP.2.2.0.pack
                Keil.STM32F1xx_DFP.2.2.0
                STMicroelectronics STM32F1 Series Device Support, Drivers and Examples

<h2>Collection of Component include folders:</h2>
  .\RTE\_Target_1
  O:\machine\stm32\keil5software\ARM\PACK\ARM\CMSIS\5.0.1\CMSIS\Include
  O:\machine\stm32\keil5software\ARM\PACK\Keil\STM32F1xx_DFP\2.2.0\Device\Include

<h2>Collection of Component Files used:</h2>

   * Component: ARM::CMSIS:CORE:5.0.1
Build Time Elapsed:  00:00:02
</pre>
</body>
</html>
