###############################################################################
#
# IAR C/C++ Compiler V10.30.1.6000 for 8051               08/Jul/2026  11:03:53
# Copyright 2004-2018 IAR Systems AB.
# PC-locked license - IAR Embedded Workbench for 8051
#
#    Core               =  plain
#    Code model         =  banked
#    Data model         =  large
#    Calling convention =  xdata reentrant
#    Constant location  =  data_rom
#    Dptr setup         =  1,16
#                          
#    Source file        =  
#        D:\My_Software\z_anyang_stack\ZStack-CC2530-2.5.1a\Projects\zstack\Samples\End_rgb\Source\su03t.c
#    Command line       =  
#        -f C:\Users\30397\AppData\Local\Temp\EW4B95.tmp
#        (D:\My_Software\z_anyang_stack\ZStack-CC2530-2.5.1a\Projects\zstack\Samples\End_rgb\Source\su03t.c
#        -D NWK_AUTO_POLL -D ZTOOL_P1 -D xMT_TASK -D MT_SYS_FUNC -D MT_ZDO_FUNC
#        -D LCD_SUPPORTED=DEBUG -D xPOWER_SAVING -lC
#        D:\My_Software\z_anyang_stack\ZStack-CC2530-2.5.1a\Projects\zstack\Samples\End_rgb\CC2530DB\EndDeviceEB\List
#        -lA
#        D:\My_Software\z_anyang_stack\ZStack-CC2530-2.5.1a\Projects\zstack\Samples\End_rgb\CC2530DB\EndDeviceEB\List
#        --diag_suppress Pe001,Pa010 -o
#        D:\My_Software\z_anyang_stack\ZStack-CC2530-2.5.1a\Projects\zstack\Samples\End_rgb\CC2530DB\EndDeviceEB\Obj
#        -e --debug --core=plain --dptr=16,1 --data_model=large
#        --code_model=banked --calling_convention=xdata_reentrant
#        --place_constants=data_rom --nr_virtual_regs 8 -f
#        D:\My_Software\z_anyang_stack\ZStack-CC2530-2.5.1a\Projects\zstack\Samples\End_rgb\CC2530DB\..\..\..\Tools\CC2530DB\f8wEndev.cfg
#        (-DCPU32MHZ -DROOT=__near_func -DMAC_CFG_TX_DATA_MAX=3
#        -DMAC_CFG_TX_MAX=6 -DMAC_CFG_RX_MAX=3) -f
#        D:\My_Software\z_anyang_stack\ZStack-CC2530-2.5.1a\Projects\zstack\Samples\End_rgb\CC2530DB\..\..\..\Tools\CC2530DB\f8wConfig.cfg
#        (-DZIGBEEPRO -DSECURE=0 -DZG_SECURE_DYNAMIC=0 -DREFLECTOR
#        -DDEFAULT_CHANLIST=0x00000800 -DZDAPP_CONFIG_PAN_ID=0x3F01
#        -DNWK_START_DELAY=100 -DEXTENDED_JOINING_RANDOM_MASK=0x007F
#        -DBEACON_REQUEST_DELAY=100 -DBEACON_REQ_DELAY_MASK=0x00FF
#        -DLINK_STATUS_JITTER_MASK=0x007F -DROUTE_EXPIRY_TIME=30
#        -DAPSC_ACK_WAIT_DURATION_POLLED=3000 -DNWK_INDIRECT_MSG_TIMEOUT=7
#        -DMAX_RREQ_ENTRIES=8 -DAPSC_MAX_FRAME_RETRIES=3
#        -DNWK_MAX_DATA_RETRIES=2 -DMAX_POLL_FAILURE_RETRIES=2 -DMAX_BCAST=9
#        -DAPS_MAX_GROUPS=16 -DMAX_RTG_ENTRIES=40 -DNWK_MAX_BINDING_ENTRIES=4
#        -DMAX_BINDING_CLUSTER_IDS=4 "-DDEFAULT_KEY={0x01, 0x03, 0x05, 0x07,
#        0x09, 0x0B, 0x0D, 0x0F, 0x00, 0x02, 0x04, 0x06, 0x08, 0x0A, 0x0C,
#        0x0D}" -DMAC_MAX_FRAME_SIZE=116 -DZDNWKMGR_MIN_TRANSMISSIONS=20
#        "-DCONST=const __code" -DGENERIC=__generic -DRFD_RCVC_ALWAYS_ON=FALSE
#        -DPOLL_RATE=1000 -DQUEUED_POLL_RATE=100 -DRESPONSE_POLL_RATE=100
#        -DREJOIN_POLL_RATE=440) -I
#        D:\My_Software\z_anyang_stack\ZStack-CC2530-2.5.1a\Projects\zstack\Samples\End_rgb\CC2530DB\
#        -I
#        D:\My_Software\z_anyang_stack\ZStack-CC2530-2.5.1a\Projects\zstack\Samples\End_rgb\CC2530DB\..\Source\
#        -I
#        D:\My_Software\z_anyang_stack\ZStack-CC2530-2.5.1a\Projects\zstack\Samples\End_rgb\CC2530DB\..\..\..\ZMain\TI2530DB\
#        -I
#        D:\My_Software\z_anyang_stack\ZStack-CC2530-2.5.1a\Projects\zstack\Samples\End_rgb\CC2530DB\..\..\..\..\..\Components\hal\include\
#        -I
#        D:\My_Software\z_anyang_stack\ZStack-CC2530-2.5.1a\Projects\zstack\Samples\End_rgb\CC2530DB\..\..\..\..\..\Components\hal\target\CC2530EB\
#        -I
#        D:\My_Software\z_anyang_stack\ZStack-CC2530-2.5.1a\Projects\zstack\Samples\End_rgb\CC2530DB\..\..\..\..\..\Components\mac\include\
#        -I
#        D:\My_Software\z_anyang_stack\ZStack-CC2530-2.5.1a\Projects\zstack\Samples\End_rgb\CC2530DB\..\..\..\..\..\Components\mac\high_level\
#        -I
#        D:\My_Software\z_anyang_stack\ZStack-CC2530-2.5.1a\Projects\zstack\Samples\End_rgb\CC2530DB\..\..\..\..\..\Components\mac\low_level\srf04\
#        -I
#        D:\My_Software\z_anyang_stack\ZStack-CC2530-2.5.1a\Projects\zstack\Samples\End_rgb\CC2530DB\..\..\..\..\..\Components\mac\low_level\srf04\single_chip\
#        -I
#        D:\My_Software\z_anyang_stack\ZStack-CC2530-2.5.1a\Projects\zstack\Samples\End_rgb\CC2530DB\..\..\..\..\..\Components\mt\
#        -I
#        D:\My_Software\z_anyang_stack\ZStack-CC2530-2.5.1a\Projects\zstack\Samples\End_rgb\CC2530DB\..\..\..\..\..\Components\osal\include\
#        -I
#        D:\My_Software\z_anyang_stack\ZStack-CC2530-2.5.1a\Projects\zstack\Samples\End_rgb\CC2530DB\..\..\..\..\..\Components\services\saddr\
#        -I
#        D:\My_Software\z_anyang_stack\ZStack-CC2530-2.5.1a\Projects\zstack\Samples\End_rgb\CC2530DB\..\..\..\..\..\Components\services\sdata\
#        -I
#        D:\My_Software\z_anyang_stack\ZStack-CC2530-2.5.1a\Projects\zstack\Samples\End_rgb\CC2530DB\..\..\..\..\..\Components\stack\af\
#        -I
#        D:\My_Software\z_anyang_stack\ZStack-CC2530-2.5.1a\Projects\zstack\Samples\End_rgb\CC2530DB\..\..\..\..\..\Components\stack\nwk\
#        -I
#        D:\My_Software\z_anyang_stack\ZStack-CC2530-2.5.1a\Projects\zstack\Samples\End_rgb\CC2530DB\..\..\..\..\..\Components\stack\sapi\
#        -I
#        D:\My_Software\z_anyang_stack\ZStack-CC2530-2.5.1a\Projects\zstack\Samples\End_rgb\CC2530DB\..\..\..\..\..\Components\stack\sec\
#        -I
#        D:\My_Software\z_anyang_stack\ZStack-CC2530-2.5.1a\Projects\zstack\Samples\End_rgb\CC2530DB\..\..\..\..\..\Components\stack\sys\
#        -I
#        D:\My_Software\z_anyang_stack\ZStack-CC2530-2.5.1a\Projects\zstack\Samples\End_rgb\CC2530DB\..\..\..\..\..\Components\stack\zdo\
#        -I
#        D:\My_Software\z_anyang_stack\ZStack-CC2530-2.5.1a\Projects\zstack\Samples\End_rgb\CC2530DB\..\..\..\..\..\Components\zmac\
#        -I
#        D:\My_Software\z_anyang_stack\ZStack-CC2530-2.5.1a\Projects\zstack\Samples\End_rgb\CC2530DB\..\..\..\..\..\Components\zmac\f8w\
#        -Ohz --require_prototypes --no_code_motion)
#    Locale             =  Chinese (Simplified)_CHN.936
#    List file          =  
#        D:\My_Software\z_anyang_stack\ZStack-CC2530-2.5.1a\Projects\zstack\Samples\End_rgb\CC2530DB\EndDeviceEB\List\su03t.lst
#    Object file        =  
#        D:\My_Software\z_anyang_stack\ZStack-CC2530-2.5.1a\Projects\zstack\Samples\End_rgb\CC2530DB\EndDeviceEB\Obj\su03t.r51
#
###############################################################################

D:\My_Software\z_anyang_stack\ZStack-CC2530-2.5.1a\Projects\zstack\Samples\End_rgb\Source\su03t.c
      1          #include "su03t.h"
      2          #include "MT.h"
      3          #include "MT_UART.h"
      4          #include "string.h"
      5          
      6          /*
      7          在应用任务的系统事件中，添加 CMD_SERIAL_MSG 串口的消息事件
      8          并在这个事件内接收数据 Su03t_RecvData
      9          做一个定时器，周期性检查数据是否接收完成，并解析数据 Su03t_DataAnalysis
     10          */
     11          
     12          

   \                                 In  segment XDATA_Z, align 1, keep-with-next
     13          static Su03tRecvDef su03t = {0};
   \                     su03t:
   \   000000                DS 261
   \   000105                REQUIRE __INIT_XDATA_Z

   \                                 In  segment XDATA_Z, align 1, keep-with-next
     14          static mtOSALSerialData_t *su03tMsg = NULL;
   \                     su03tMsg:
   \   000000                DS 2
   \   000002                REQUIRE __INIT_XDATA_Z
     15          extern byte GenericApp_TaskID;//将串口的事件绑定到该任务下
     16          

   \                                 In  segment BANKED_CODE, align 1, keep-with-next
     17          void Su03t_Config(void)
   \                     Su03t_Config:
     18          {
   \   000000   C082         PUSH      DPL
   \   000002   C083         PUSH      DPH
   \   000004                ; Saved register size: 2
   \   000004                ; Auto size: 0
     19            //加上串口相关的初始化及事件注册函数
     20            MT_UartInit();
   \   000004                ; Setup parameters for call to function MT_UartInit
   \   000004   12....       LCALL     `??MT_UartInit::?relay`; Banked call to: MT_UartInit
     21            MT_UartRegisterTaskID(GenericApp_TaskID);
   \   000007                ; Setup parameters for call to function MT_UartRegisterTaskID
   \   000007   90....       MOV       DPTR,#GenericApp_TaskID
   \   00000A   E0           MOVX      A,@DPTR
   \   00000B   F9           MOV       R1,A
   \   00000C   12....       LCALL     `??MT_UartRegisterTaskID::?relay`; Banked call to: MT_UartRegisterTaskID
     22          }
   \   00000F                REQUIRE ?Subroutine0
   \   00000F                ; // Fall through to label ?Subroutine0

   \                                 In  segment BANKED_CODE, align 1, keep-with-next
   \                     ?Subroutine0:
   \   000000   D083         POP       DPH
   \   000002   D082         POP       DPL
   \   000004   02....       LJMP      ?BRET
     23          
     24          
     25          

   \                                 In  segment BANKED_CODE, align 1, keep-with-next
     26          void Su03t_RecvData(afIncomingMSGPacket_t * MSGpkt)
   \                     Su03t_RecvData:
     27          {
   \   000000   C082         PUSH      DPL
   \   000002   C083         PUSH      DPH
   \   000004                ; Saved register size: 2
   \   000004                ; Auto size: 0
     28            su03tMsg = (mtOSALSerialData_t *)MSGpkt;//UartMsg->msg[0] -- 接收到的数据长度 
   \   000004   90....       MOV       DPTR,#su03tMsg
   \   000007   EA           MOV       A,R2
   \   000008   F0           MOVX      @DPTR,A
   \   000009   A3           INC       DPTR
   \   00000A   EB           MOV       A,R3
   \   00000B   F0           MOVX      @DPTR,A
     29            su03t.time = osal_GetSystemClock();
   \   00000C                ; Setup parameters for call to function osal_GetSystemClock
   \   00000C   12....       LCALL     `??osal_GetSystemClock::?relay`; Banked call to: osal_GetSystemClock
   \   00000F   90....       MOV       DPTR,#su03t + 257
   \   000012   12....       LCALL     ?XSTORE_R2345
     30            for(int i=0; i<su03tMsg->msg[0]; i++) {
   \   000015   7800         MOV       R0,#0x0
   \   000017   7900         MOV       R1,#0x0
   \   000019   802D         SJMP      ??Su03t_RecvData_0
     31              su03t.buff[su03t.cnt++] = su03tMsg->msg[i+1];
   \                     ??Su03t_RecvData_1:
   \   00001B   12....       LCALL     ?Subroutine1 & 0xFFFF
     32            } 
   \                     ??CrossCallReturnLabel_0:
   \   00001E   28           ADD       A,R0
   \   00001F   FA           MOV       R2,A
   \   000020   A3           INC       DPTR
   \   000021   E0           MOVX      A,@DPTR
   \   000022   39           ADDC      A,R1
   \   000023   8A82         MOV       DPL,R2
   \   000025   F583         MOV       DPH,A
   \   000027   A3           INC       DPTR
   \   000028   E0           MOVX      A,@DPTR
   \   000029   C0E0         PUSH      A
   \   00002B   90....       MOV       DPTR,#su03t + 256
   \   00002E   E0           MOVX      A,@DPTR
   \   00002F   FA           MOV       R2,A
   \   000030   74..         MOV       A,#su03t & 0xff
   \   000032   2A           ADD       A,R2
   \   000033   F582         MOV       DPL,A
   \   000035   E4           CLR       A
   \   000036   34..         ADDC      A,#(su03t >> 8) & 0xff
   \   000038   F583         MOV       DPH,A
   \   00003A   D0E0         POP       A
   \   00003C   F0           MOVX      @DPTR,A
   \   00003D   90....       MOV       DPTR,#su03t + 256
   \   000040   E0           MOVX      A,@DPTR
   \   000041   04           INC       A
   \   000042   F0           MOVX      @DPTR,A
   \   000043   08           INC       R0
   \   000044   E8           MOV       A,R0
   \   000045   7001         JNZ       ??Su03t_RecvData_0
   \   000047   09           INC       R1
   \                     ??Su03t_RecvData_0:
   \   000048   12....       LCALL     ?Subroutine1 & 0xFFFF
   \                     ??CrossCallReturnLabel_1:
   \   00004B   FA           MOV       R2,A
   \   00004C   A3           INC       DPTR
   \   00004D   E0           MOVX      A,@DPTR
   \   00004E   F583         MOV       DPH,A
   \   000050   8A82         MOV       DPL,R2
   \   000052   E0           MOVX      A,@DPTR
   \   000053   FA           MOV       R2,A
   \   000054   C3           CLR       C
   \   000055   E8           MOV       A,R0
   \   000056   9A           SUBB      A,R2
   \   000057   E9           MOV       A,R1
   \   000058   9400         SUBB      A,#0x0
   \   00005A   A2D2         MOV       C,0xD0 /* PSW */.2
   \   00005C   65D0         XRL       A,PSW
   \   00005E   33           RLC       A
   \   00005F   40BA         JC        ??Su03t_RecvData_1
     33          }
   \   000061   80..         SJMP      ?Subroutine0

   \                                 In  segment BANKED_CODE, align 1, keep-with-next
   \                     ?Subroutine1:
   \   000000   90....       MOV       DPTR,#su03tMsg
   \   000003   E0           MOVX      A,@DPTR
   \   000004   FA           MOV       R2,A
   \   000005   A3           INC       DPTR
   \   000006   E0           MOVX      A,@DPTR
   \   000007   F583         MOV       DPH,A
   \   000009   8A82         MOV       DPL,R2
   \   00000B   A3           INC       DPTR
   \   00000C   A3           INC       DPTR
   \   00000D   E0           MOVX      A,@DPTR
   \   00000E   22           RET
     34          

   \                                 In  segment BANKED_CODE, align 1, keep-with-next
     35          uint8 Su03t_DataAnalysis(void)
   \                     Su03t_DataAnalysis:
     36          {
   \   000000                REQUIRE ?V0
   \   000000                REQUIRE ?V1
   \   000000                REQUIRE ?V2
   \   000000                REQUIRE ?V3
   \   000000   74F4         MOV       A,#-0xc
   \   000002   12....       LCALL     ?BANKED_ENTER_XDATA
   \   000005                ; Saved register size: 12
   \   000005                ; Auto size: 0
     37            uint8 ret = 0;
   \   000005   7E00         MOV       R6,#0x0
     38            if(osal_GetSystemClock() - su03t.time > 10) {//10ms就判定结束
   \   000007                ; Setup parameters for call to function osal_GetSystemClock
   \   000007   12....       LCALL     `??osal_GetSystemClock::?relay`; Banked call to: osal_GetSystemClock
   \   00000A   8A..         MOV       ?V0,R2
   \   00000C   8B..         MOV       ?V1,R3
   \   00000E   8C..         MOV       ?V2,R4
   \   000010   8D..         MOV       ?V3,R5
   \   000012   90....       MOV       DPTR,#su03t + 257
   \   000015   78..         MOV       R0,#?V0
   \   000017   12....       LCALL     ?L_SUB_X
   \   00001A   7583..       MOV       DPH,#(__Constant_b >> 8) & 0xff
   \   00001D   7582..       MOV       DPL,#__Constant_b & 0xff
   \   000020   78..         MOV       R0,#?V0
   \   000022   12....       LCALL     ?UL_GE_X
   \   000025   5054         JNC       ??Su03t_DataAnalysis_0
     39              if(su03t.cnt > 0) {  
   \   000027   90....       MOV       DPTR,#su03t + 256
   \   00002A   E0           MOVX      A,@DPTR
   \   00002B   604E         JZ        ??Su03t_DataAnalysis_0
     40                if(su03t.buff[0] == 0xAA && su03t.buff[1] == 0x55) {
   \   00002D   90....       MOV       DPTR,#su03t
   \   000030   E0           MOVX      A,@DPTR
   \   000031   64AA         XRL       A,#0xaa
   \   000033   702B         JNZ       ??Su03t_DataAnalysis_1
   \   000035   A3           INC       DPTR
   \   000036   E0           MOVX      A,@DPTR
   \   000037   6455         XRL       A,#0x55
   \   000039   7025         JNZ       ??Su03t_DataAnalysis_1
     41                  switch(su03t.buff[2]) {
   \   00003B   A3           INC       DPTR
   \   00003C   E0           MOVX      A,@DPTR
   \   00003D   14           DEC       A
   \   00003E   600E         JZ        ??Su03t_DataAnalysis_2
   \   000040   14           DEC       A
   \   000041   600F         JZ        ??Su03t_DataAnalysis_3
   \   000043   14           DEC       A
   \   000044   6010         JZ        ??Su03t_DataAnalysis_4
   \   000046   14           DEC       A
   \   000047   6011         JZ        ??Su03t_DataAnalysis_5
   \   000049   14           DEC       A
   \   00004A   6012         JZ        ??Su03t_DataAnalysis_6
   \   00004C   8012         SJMP      ??Su03t_DataAnalysis_1
     42                    case 1:ret = 1;break;//打开氛围灯
   \                     ??Su03t_DataAnalysis_2:
   \   00004E   7E01         MOV       R6,#0x1
   \   000050   800E         SJMP      ??Su03t_DataAnalysis_1
     43                    case 2:ret = 2;break;//关闭氛围灯
   \                     ??Su03t_DataAnalysis_3:
   \   000052   7E02         MOV       R6,#0x2
   \   000054   800A         SJMP      ??Su03t_DataAnalysis_1
     44                    case 3:ret = 3;break;//打开红灯
   \                     ??Su03t_DataAnalysis_4:
   \   000056   7E03         MOV       R6,#0x3
   \   000058   8006         SJMP      ??Su03t_DataAnalysis_1
     45                    case 4:ret = 4;break;//打开绿灯
   \                     ??Su03t_DataAnalysis_5:
   \   00005A   7E04         MOV       R6,#0x4
   \   00005C   8002         SJMP      ??Su03t_DataAnalysis_1
     46                    case 5:ret = 5;break;//打开蓝灯
   \                     ??Su03t_DataAnalysis_6:
   \   00005E   7E05         MOV       R6,#0x5
     47                  }
     48                }
     49                memset((uint8*)&su03t, 0, sizeof(su03t));
   \                     ??Su03t_DataAnalysis_1:
   \   000060                ; Setup parameters for call to function memset
   \   000060   75..05       MOV       ?V0,#0x5
   \   000063   75..01       MOV       ?V1,#0x1
   \   000066   78..         MOV       R0,#?V0
   \   000068   12....       LCALL     ?PUSH_XSTACK_I_TWO
   \   00006B   7C00         MOV       R4,#0x0
   \   00006D   7D00         MOV       R5,#0x0
   \   00006F   7A..         MOV       R2,#su03t & 0xff
   \   000071   7B..         MOV       R3,#(su03t >> 8) & 0xff
   \   000073   12....       LCALL     `??memset::?relay`; Banked call to: memset
   \   000076   7402         MOV       A,#0x2
   \   000078   12....       LCALL     ?DEALLOC_XSTACK8
     50              }
     51            }
     52            return ret;
   \                     ??Su03t_DataAnalysis_0:
   \   00007B   EE           MOV       A,R6
   \   00007C   F9           MOV       R1,A
   \   00007D   7F04         MOV       R7,#0x4
   \   00007F   02....       LJMP      ?BANKED_LEAVE_XDATA
     53          }

   \                                 In  segment XDATA_ROM_C, align 1
   \                     __Constant_b:
   \   000000   0B000000     DD 11
     54          
     55          
     56          
     57          

   Maximum stack usage in bytes:

   ISTACK XSTACK Function
   ------ ------ --------
      2      0   Su03t_Config
        2      0   -> MT_UartInit
        2      0   -> MT_UartRegisterTaskID
      2     14   Su03t_DataAnalysis
        0     14   -> memset
        0     12   -> osal_GetSystemClock
      3      0   Su03t_RecvData
        2      0   -> osal_GetSystemClock


   Segment part sizes:

   Bytes  Function/Label
   -----  --------------
       7  ?Subroutine0
      15  ?Subroutine1
      15  Su03t_Config
     130  Su03t_DataAnalysis
      99  Su03t_RecvData
       4  __Constant_b
     261  su03t
       2  su03tMsg
      18  -- Other

 
 266 bytes in segment BANKED_CODE
  18 bytes in segment BANK_RELAYS
   4 bytes in segment XDATA_ROM_C
 263 bytes in segment XDATA_Z
 
  18 bytes of CODE     memory
   0 bytes of CONST    memory (+ 4 bytes shared)
 266 bytes of HUGECODE memory
 263 bytes of XDATA    memory

Errors: none
Warnings: none
